[INFO] Scanning for projects...
[INFO] 
[INFO] ----------------------< com.notgabs.corp:backend >----------------------
[INFO] Building backend 1.0.0-SNAPSHOT
[INFO]   from pom.xml
[INFO] ------------------------------[ quarkus ]-------------------------------
[INFO] 
[INFO] --- resources:3.3.1:resources (default-resources) @ backend ---
[INFO] Copying 2 resources from src/main/resources to target/classes
[INFO] 
[INFO] --- quarkus:3.32.1:generate-code (default-generate-code) @ backend ---
[INFO] 
[INFO] --- compiler:3.15.0:compile (default-compile) @ backend ---
[INFO] Recompiling the module because of changed source code.
[INFO] Compiling 52 source files with javac [debug parameters release 21] to target/classes
[INFO] /home/notong/workspace/risk-management/backend/src/main/java/com/notgabs/corp/aop/AuditLogInterceptor.java: /home/notong/workspace/risk-management/backend/src/main/java/com/notgabs/corp/aop/AuditLogInterceptor.java uses or overrides a deprecated API.
[INFO] /home/notong/workspace/risk-management/backend/src/main/java/com/notgabs/corp/aop/AuditLogInterceptor.java: Recompile with -Xlint:deprecation for details.
[INFO] -------------------------------------------------------------
[ERROR] COMPILATION ERROR : 
[INFO] -------------------------------------------------------------
[ERROR] /home/notong/workspace/risk-management/backend/src/main/java/com/notgabs/corp/service/IncidentService.java:[41,31] cannot find symbol
  symbol:   variable StatutIncident
  location: class com.notgabs.corp.service.IncidentService
[ERROR] /home/notong/workspace/risk-management/backend/src/main/java/com/notgabs/corp/service/IncidentService.java:[43,31] cannot find symbol
  symbol:   variable StatutIncident
  location: class com.notgabs.corp.service.IncidentService
[ERROR] /home/notong/workspace/risk-management/backend/src/main/java/com/notgabs/corp/service/IncidentService.java:[46,31] cannot find symbol
  symbol:   variable StatutIncident
  location: class com.notgabs.corp.service.IncidentService
[ERROR] /home/notong/workspace/risk-management/backend/src/main/java/com/notgabs/corp/service/IncidentService.java:[59,45] cannot find symbol
  symbol:   variable SeveriteIncident
  location: class com.notgabs.corp.service.IncidentService
[ERROR] /home/notong/workspace/risk-management/backend/src/main/java/com/notgabs/corp/service/IncidentService.java:[59,99] cannot find symbol
  symbol:   variable SeveriteIncident
  location: class com.notgabs.corp.service.IncidentService
[ERROR] /home/notong/workspace/risk-management/backend/src/main/java/com/notgabs/corp/service/IncidentService.java:[70,39] cannot find symbol
  symbol:   variable StatutIncident
  location: class com.notgabs.corp.service.IncidentService
[ERROR] /home/notong/workspace/risk-management/backend/src/main/java/com/notgabs/corp/service/IncidentService.java:[79,42] cannot find symbol
  symbol:   variable StatutIncident
  location: class com.notgabs.corp.service.IncidentService
[ERROR] /home/notong/workspace/risk-management/backend/src/main/java/com/notgabs/corp/service/IncidentService.java:[82,42] cannot find symbol
  symbol:   variable StatutIncident
  location: class com.notgabs.corp.service.IncidentService
[ERROR] /home/notong/workspace/risk-management/backend/src/main/java/com/notgabs/corp/service/IncidentService.java:[85,42] cannot find symbol
  symbol:   variable StatutIncident
  location: class com.notgabs.corp.service.IncidentService
[INFO] 9 errors 
[INFO] -------------------------------------------------------------
[INFO] ------------------------------------------------------------------------
[INFO] BUILD FAILURE
[INFO] ------------------------------------------------------------------------
[INFO] Total time:  4.246 s
[INFO] Finished at: 2026-03-04T11:25:56+01:00
[INFO] ------------------------------------------------------------------------
[ERROR] Failed to execute goal org.apache.maven.plugins:maven-compiler-plugin:3.15.0:compile (default-compile) on project backend: Compilation failure: Compilation failure: 
[ERROR] /home/notong/workspace/risk-management/backend/src/main/java/com/notgabs/corp/service/IncidentService.java:[41,31] cannot find symbol
[ERROR]   symbol:   variable StatutIncident
[ERROR]   location: class com.notgabs.corp.service.IncidentService
[ERROR] /home/notong/workspace/risk-management/backend/src/main/java/com/notgabs/corp/service/IncidentService.java:[43,31] cannot find symbol
[ERROR]   symbol:   variable StatutIncident
[ERROR]   location: class com.notgabs.corp.service.IncidentService
[ERROR] /home/notong/workspace/risk-management/backend/src/main/java/com/notgabs/corp/service/IncidentService.java:[46,31] cannot find symbol
[ERROR]   symbol:   variable StatutIncident
[ERROR]   location: class com.notgabs.corp.service.IncidentService
[ERROR] /home/notong/workspace/risk-management/backend/src/main/java/com/notgabs/corp/service/IncidentService.java:[59,45] cannot find symbol
[ERROR]   symbol:   variable SeveriteIncident
[ERROR]   location: class com.notgabs.corp.service.IncidentService
[ERROR] /home/notong/workspace/risk-management/backend/src/main/java/com/notgabs/corp/service/IncidentService.java:[59,99] cannot find symbol
[ERROR]   symbol:   variable SeveriteIncident
[ERROR]   location: class com.notgabs.corp.service.IncidentService
[ERROR] /home/notong/workspace/risk-management/backend/src/main/java/com/notgabs/corp/service/IncidentService.java:[70,39] cannot find symbol
[ERROR]   symbol:   variable StatutIncident
[ERROR]   location: class com.notgabs.corp.service.IncidentService
[ERROR] /home/notong/workspace/risk-management/backend/src/main/java/com/notgabs/corp/service/IncidentService.java:[79,42] cannot find symbol
[ERROR]   symbol:   variable StatutIncident
[ERROR]   location: class com.notgabs.corp.service.IncidentService
[ERROR] /home/notong/workspace/risk-management/backend/src/main/java/com/notgabs/corp/service/IncidentService.java:[82,42] cannot find symbol
[ERROR]   symbol:   variable StatutIncident
[ERROR]   location: class com.notgabs.corp.service.IncidentService
[ERROR] /home/notong/workspace/risk-management/backend/src/main/java/com/notgabs/corp/service/IncidentService.java:[85,42] cannot find symbol
[ERROR]   symbol:   variable StatutIncident
[ERROR]   location: class com.notgabs.corp.service.IncidentService
[ERROR] -> [Help 1]
[ERROR] 
[ERROR] To see the full stack trace of the errors, re-run Maven with the -e switch.
[ERROR] Re-run Maven using the -X switch to enable full debug logging.
[ERROR] 
[ERROR] For more information about the errors and possible solutions, please read the following articles:
[ERROR] [Help 1] http://cwiki.apache.org/confluence/display/MAVEN/MojoFailureException
